Product: MDK-ARM Professional 5.10
Component: ARM Compiler 5.04 update 1 (build 49)
Tool: armlink [5040049]

==============================================================================

Section Cross References

    main.o(.text) refers to nrf51_lpcomp.o(.text) for LPCOMP_init
    main.o(.text) refers to nrf51_clock.o(.text) for LFCLOCK_init
    main.o(.text) refers to nrf51_rtc.o(.text) for RTC0_init
    main.o(.text) refers to dflti.o(.text) for __aeabi_ui2d
    main.o(.text) refers to dmul.o(.text) for __aeabi_dmul
    main.o(.text) refers to ddiv.o(.text) for __aeabi_ddiv
    main.o(.text) refers to dfixui.o(.text) for __aeabi_d2uiz
    main.o(.text) refers to segger_rtt_printf.o(.text) for SEGGER_RTT_printf
    main.o(.text) refers to main.o(.data) for IsRTC0Running
    segger_rtt.o(.text) refers to rt_memcpy.o(.text) for __aeabi_memcpy
    segger_rtt.o(.text) refers to segger_rtt.o(.data) for _SEGGER_RTT
    segger_rtt.o(.data) refers to segger_rtt.o(.conststring) for .conststring
    segger_rtt.o(.data) refers to segger_rtt.o(.bss) for _acUpBuffer
    segger_rtt_printf.o(.text) refers to segger_rtt.o(.text) for SEGGER_RTT_Write
    segger_rtt_printf.o(.text) refers to aeabi_sdiv.o(.text) for __aeabi_uidivmod
    segger_rtt_printf.o(.text) refers to segger_rtt_printf.o(.constdata) for _aV2C
    arm_startup_nrf51.o(STACK) refers (Special) to heapauxi.o(.text) for __use_two_region_memory
    arm_startup_nrf51.o(HEAP) refers (Special) to heapauxi.o(.text) for __use_two_region_memory
    arm_startup_nrf51.o(RESET) refers (Special) to heapauxi.o(.text) for __use_two_region_memory
    arm_startup_nrf51.o(RESET) refers to arm_startup_nrf51.o(STACK) for __initial_sp
    arm_startup_nrf51.o(RESET) refers to arm_startup_nrf51.o(.text) for Reset_Handler
    arm_startup_nrf51.o(RESET) refers to nrf51_lpcomp.o(.text) for LPCOMP_IRQHandler
    arm_startup_nrf51.o(.text) refers (Special) to heapauxi.o(.text) for __use_two_region_memory
    arm_startup_nrf51.o(.text) refers to system_nrf51.o(.text) for SystemInit
    arm_startup_nrf51.o(.text) refers to __main.o(!!!main) for __main
    arm_startup_nrf51.o(.text) refers to arm_startup_nrf51.o(HEAP) for Heap_Mem
    arm_startup_nrf51.o(.text) refers to arm_startup_nrf51.o(STACK) for Stack_Mem
    system_nrf51.o(.text) refers to system_nrf51.o(.data) for SystemCoreClock
    rt_memcpy.o(.text) refers to rt_memcpy.o(.emb_text) for __aeabi_memcpy4
    __main.o(!!!main) refers to rtentry.o(.ARM.Collect$$rtentry$$00000000) for __rt_entry
    ddiv.o(.text) refers (Special) to usenofp.o(x$fpl$usenofp) for __I$use$fp
    ddiv.o(.text) refers to ddiv.o(.constdata) for .constdata
    ddiv.o(.constdata) refers (Special) to usenofp.o(x$fpl$usenofp) for __I$use$fp
    dfixui.o(.text) refers (Special) to usenofp.o(x$fpl$usenofp) for __I$use$fp
    dflti.o(.text) refers (Special) to usenofp.o(x$fpl$usenofp) for __I$use$fp
    dmul.o(.text) refers (Special) to usenofp.o(x$fpl$usenofp) for __I$use$fp
    rtentry.o(.ARM.Collect$$rtentry$$00000000) refers (Special) to rtentry2.o(.ARM.Collect$$rtentry$$0000000A) for __rt_entry_li
    rtentry.o(.ARM.Collect$$rtentry$$00000000) refers (Special) to rtentry2.o(.ARM.Collect$$rtentry$$0000000D) for __rt_entry_main
    rtentry.o(.ARM.Collect$$rtentry$$00000000) refers (Special) to rtentry2.o(.ARM.Collect$$rtentry$$0000000C) for __rt_entry_postli_1
    rtentry.o(.ARM.Collect$$rtentry$$00000000) refers (Special) to rtentry2.o(.ARM.Collect$$rtentry$$00000009) for __rt_entry_postsh_1
    rtentry.o(.ARM.Collect$$rtentry$$00000000) refers (Special) to rtentry2.o(.ARM.Collect$$rtentry$$00000002) for __rt_entry_presh_1
    rtentry.o(.ARM.Collect$$rtentry$$00000000) refers (Special) to rtentry4.o(.ARM.Collect$$rtentry$$00000004) for __rt_entry_sh
    aeabi_idiv0_sigfpe.o(.text) refers to rt_div0.o(.text) for __rt_div0
    rtentry2.o(.ARM.Collect$$rtentry$$00000008) refers to boardinit2.o(.text) for _platform_post_stackheap_init
    rtentry2.o(.ARM.Collect$$rtentry$$0000000A) refers to libinit.o(.ARM.Collect$$libinit$$00000000) for __rt_lib_init
    rtentry2.o(.ARM.Collect$$rtentry$$0000000B) refers to boardinit3.o(.text) for _platform_post_lib_init
    rtentry2.o(.ARM.Collect$$rtentry$$0000000D) refers to main.o(.text) for main
    rtentry2.o(.ARM.Collect$$rtentry$$0000000D) refers to exit.o(.text) for exit
    rtentry2.o(.ARM.exidx) refers to rtentry2.o(.ARM.Collect$$rtentry$$00000001) for .ARM.Collect$$rtentry$$00000001
    rtentry2.o(.ARM.exidx) refers to rtentry2.o(.ARM.Collect$$rtentry$$00000008) for .ARM.Collect$$rtentry$$00000008
    rtentry2.o(.ARM.exidx) refers to rtentry2.o(.ARM.Collect$$rtentry$$0000000A) for .ARM.Collect$$rtentry$$0000000A
    rtentry2.o(.ARM.exidx) refers to rtentry2.o(.ARM.Collect$$rtentry$$0000000B) for .ARM.Collect$$rtentry$$0000000B
    rtentry2.o(.ARM.exidx) refers to rtentry2.o(.ARM.Collect$$rtentry$$0000000D) for .ARM.Collect$$rtentry$$0000000D
    rtentry4.o(.ARM.Collect$$rtentry$$00000004) refers to sys_stackheap_outer.o(.text) for __user_setup_stackheap
    rtentry4.o(.ARM.exidx) refers to rtentry4.o(.ARM.Collect$$rtentry$$00000004) for .ARM.Collect$$rtentry$$00000004
    rt_div0.o(.text) refers to defsig_fpe_outer.o(.text) for __rt_SIGFPE
    sys_stackheap_outer.o(.text) refers to libspace.o(.text) for __user_perproc_libspace
    sys_stackheap_outer.o(.text) refers to arm_startup_nrf51.o(.text) for __user_initial_stackheap
    sys_stackheap_outer.o(__vectab_stack_and_reset_area) refers to tempstk.o(.text) for __temporary_stack_top
    sys_stackheap_outer.o(__vectab_stack_and_reset_area) refers to __main.o(!!!main) for __main
    exit.o(.text) refers to rtexit.o(.ARM.Collect$$rtexit$$00000000) for __rt_exit
    defsig_fpe_outer.o(.text) refers to defsig_fpe_inner.o(.text) for __rt_SIGFPE_inner
    defsig_fpe_outer.o(.text) refers to defsig_exit.o(.text) for __sig_exit
    defsig_fpe_formal.o(.text) refers to rt_raise.o(.text) for __rt_raise
    libinit.o(.ARM.Collect$$libinit$$00000000) refers (Special) to libinit2.o(.ARM.Collect$$libinit$$0000002C) for __rt_lib_init_alloca_1
    libinit.o(.ARM.Collect$$libinit$$00000000) refers (Special) to libinit2.o(.ARM.Collect$$libinit$$0000002A) for __rt_lib_init_argv_1
    libinit.o(.ARM.Collect$$libinit$$00000000) refers (Special) to libinit2.o(.ARM.Collect$$libinit$$00000019) for __rt_lib_init_atexit_1
    libinit.o(.ARM.Collect$$libinit$$00000000) refers (Special) to libinit2.o(.ARM.Collect$$libinit$$0000001F) for __rt_lib_init_clock_1
    libinit.o(.ARM.Collect$$libinit$$00000000) refers (Special) to libinit2.o(.ARM.Collect$$libinit$$00000030) for __rt_lib_init_cpp_1
    libinit.o(.ARM.Collect$$libinit$$00000000) refers (Special) to libinit2.o(.ARM.Collect$$libinit$$0000002E) for __rt_lib_init_exceptions_1
    libinit.o(.ARM.Collect$$libinit$$00000000) refers (Special) to libinit2.o(.ARM.Collect$$libinit$$00000001) for __rt_lib_init_fp_1
    libinit.o(.ARM.Collect$$libinit$$00000000) refers (Special) to libinit2.o(.ARM.Collect$$libinit$$0000001D) for __rt_lib_init_fp_trap_1
    libinit.o(.ARM.Collect$$libinit$$00000000) refers (Special) to libinit2.o(.ARM.Collect$$libinit$$00000021) for __rt_lib_init_getenv_1
    libinit.o(.ARM.Collect$$libinit$$00000000) refers (Special) to libinit2.o(.ARM.Collect$$libinit$$00000008) for __rt_lib_init_heap_1
    libinit.o(.ARM.Collect$$libinit$$00000000) refers (Special) to libinit2.o(.ARM.Collect$$libinit$$0000000F) for __rt_lib_init_lc_collate_1
    libinit.o(.ARM.Collect$$libinit$$00000000) refers (Special) to libinit2.o(.ARM.Collect$$libinit$$00000011) for __rt_lib_init_lc_ctype_1
    libinit.o(.ARM.Collect$$libinit$$00000000) refers (Special) to libinit2.o(.ARM.Collect$$libinit$$00000013) for __rt_lib_init_lc_monetary_1
    libinit.o(.ARM.Collect$$libinit$$00000000) refers (Special) to libinit2.o(.ARM.Collect$$libinit$$00000015) for __rt_lib_init_lc_numeric_1
    libinit.o(.ARM.Collect$$libinit$$00000000) refers (Special) to libinit2.o(.ARM.Collect$$libinit$$00000017) for __rt_lib_init_lc_time_1
    libinit.o(.ARM.Collect$$libinit$$00000000) refers (Special) to libinit2.o(.ARM.Collect$$libinit$$0000000C) for __rt_lib_init_rand_1
    libinit.o(.ARM.Collect$$libinit$$00000000) refers (Special) to libinit2.o(.ARM.Collect$$libinit$$00000031) for __rt_lib_init_return
    libinit.o(.ARM.Collect$$libinit$$00000000) refers (Special) to libinit2.o(.ARM.Collect$$libinit$$0000001B) for __rt_lib_init_signal_1
    libinit.o(.ARM.Collect$$libinit$$00000000) refers (Special) to libinit2.o(.ARM.Collect$$libinit$$00000023) for __rt_lib_init_stdio_1
    libinit.o(.ARM.Collect$$libinit$$00000000) refers (Special) to libinit2.o(.ARM.Collect$$libinit$$0000000A) for __rt_lib_init_user_alloc_1
    libspace.o(.text) refers to libspace.o(.bss) for __libspace_start
    rtexit.o(.ARM.Collect$$rtexit$$00000000) refers (Special) to rtexit2.o(.ARM.Collect$$rtexit$$00000004) for __rt_exit_exit
    rtexit.o(.ARM.Collect$$rtexit$$00000000) refers (Special) to rtexit2.o(.ARM.Collect$$rtexit$$00000003) for __rt_exit_ls
    rtexit.o(.ARM.Collect$$rtexit$$00000000) refers (Special) to rtexit2.o(.ARM.Collect$$rtexit$$00000002) for __rt_exit_prels_1
    rtexit.o(.ARM.exidx) refers (Special) to rtexit2.o(.ARM.Collect$$rtexit$$00000004) for __rt_exit_exit
    rtexit.o(.ARM.exidx) refers (Special) to rtexit2.o(.ARM.Collect$$rtexit$$00000003) for __rt_exit_ls
    rtexit.o(.ARM.exidx) refers (Special) to rtexit2.o(.ARM.Collect$$rtexit$$00000002) for __rt_exit_prels_1
    rtexit.o(.ARM.exidx) refers to rtexit.o(.ARM.Collect$$rtexit$$00000000) for .ARM.Collect$$rtexit$$00000000
    rt_raise.o(.text) refers to __raise.o(.text) for __raise
    rt_raise.o(.text) refers to sys_exit.o(.text) for _sys_exit
    defsig_exit.o(.text) refers to sys_exit.o(.text) for _sys_exit
    defsig_fpe_inner.o(.text) refers to defsig_general.o(.text) for __default_signal_display
    libinit2.o(.ARM.Collect$$libinit$$0000000E) refers to libinit2.o(.ARM.Collect$$libinit$$0000000D) for .ARM.Collect$$libinit$$0000000D
    libinit2.o(.ARM.Collect$$libinit$$00000010) refers to libinit2.o(.ARM.Collect$$libinit$$0000000D) for .ARM.Collect$$libinit$$0000000D
    libinit2.o(.ARM.Collect$$libinit$$00000012) refers to libinit2.o(.ARM.Collect$$libinit$$0000000D) for .ARM.Collect$$libinit$$0000000D
    libinit2.o(.ARM.Collect$$libinit$$00000014) refers to libinit2.o(.ARM.Collect$$libinit$$0000000D) for .ARM.Collect$$libinit$$0000000D
    libinit2.o(.ARM.Collect$$libinit$$00000016) refers to libinit2.o(.ARM.Collect$$libinit$$0000000D) for .ARM.Collect$$libinit$$0000000D
    libinit2.o(.ARM.Collect$$libinit$$00000024) refers to argv_veneer.o(.text) for __ARM_argv_veneer
    libinit2.o(.ARM.Collect$$libinit$$00000025) refers to argv_veneer.o(.text) for __ARM_argv_veneer
    sys_exit.o(.text) refers (Special) to use_no_semi.o(.text) for __I$use$semihosting
    sys_exit.o(.text) refers (Special) to indicate_semi.o(.text) for __semihosting_library_function
    rtexit2.o(.ARM.Collect$$rtexit$$00000003) refers to libshutdown.o(.ARM.Collect$$libshutdown$$00000000) for __rt_lib_shutdown
    rtexit2.o(.ARM.Collect$$rtexit$$00000004) refers to sys_exit.o(.text) for _sys_exit
    rtexit2.o(.ARM.exidx) refers to rtexit2.o(.ARM.Collect$$rtexit$$00000001) for .ARM.Collect$$rtexit$$00000001
    rtexit2.o(.ARM.exidx) refers to rtexit2.o(.ARM.Collect$$rtexit$$00000003) for .ARM.Collect$$rtexit$$00000003
    rtexit2.o(.ARM.exidx) refers to rtexit2.o(.ARM.Collect$$rtexit$$00000004) for .ARM.Collect$$rtexit$$00000004
    __raise.o(.text) refers to defsig.o(CL$$defsig) for __default_signal_handler
    defsig_general.o(.text) refers to sys_wrch.o(.text) for _ttywrch
    sys_wrch.o(.text) refers (Special) to use_no_semi.o(.text) for __I$use$semihosting
    sys_wrch.o(.text) refers (Special) to indicate_semi.o(.text) for __semihosting_library_function
    defsig.o(CL$$defsig) refers to defsig_fpe_inner.o(.text) for __rt_SIGFPE_inner
    defsig.o(CL$$defsig) refers to defsig_rtmem_inner.o(.text) for __rt_SIGRTMEM_inner
    _get_argv_nomalloc.o(.text) refers (Special) to hrguard.o(.text) for __heap_region$guard
    _get_argv_nomalloc.o(.text) refers to defsig_rtmem_outer.o(.text) for __rt_SIGRTMEM
    _get_argv_nomalloc.o(.text) refers to sys_command.o(.text) for _sys_command_string
    libshutdown.o(.ARM.Collect$$libshutdown$$00000000) refers (Special) to libshutdown2.o(.ARM.Collect$$libshutdown$$00000006) for __rt_lib_shutdown_fp_trap_1
    libshutdown.o(.ARM.Collect$$libshutdown$$00000000) refers (Special) to libshutdown2.o(.ARM.Collect$$libshutdown$$0000000E) for __rt_lib_shutdown_heap_1
    libshutdown.o(.ARM.Collect$$libshutdown$$00000000) refers (Special) to libshutdown2.o(.ARM.Collect$$libshutdown$$0000000F) for __rt_lib_shutdown_return
    libshutdown.o(.ARM.Collect$$libshutdown$$00000000) refers (Special) to libshutdown2.o(.ARM.Collect$$libshutdown$$00000009) for __rt_lib_shutdown_signal_1
    libshutdown.o(.ARM.Collect$$libshutdown$$00000000) refers (Special) to libshutdown2.o(.ARM.Collect$$libshutdown$$00000003) for __rt_lib_shutdown_stdio_1
    libshutdown.o(.ARM.Collect$$libshutdown$$00000000) refers (Special) to libshutdown2.o(.ARM.Collect$$libshutdown$$0000000B) for __rt_lib_shutdown_user_alloc_1
    sys_command.o(.text) refers (Special) to use_no_semi.o(.text) for __I$use$semihosting
    sys_command.o(.text) refers (Special) to indicate_semi.o(.text) for __semihosting_library_function
    defsig_abrt_inner.o(.text) refers to defsig_general.o(.text) for __default_signal_display
    defsig_rtred_inner.o(.text) refers to defsig_general.o(.text) for __default_signal_display
    defsig_rtmem_inner.o(.text) refers to defsig_general.o(.text) for __default_signal_display
    defsig_rtmem_outer.o(.text) refers to defsig_rtmem_inner.o(.text) for __rt_SIGRTMEM_inner
    defsig_rtmem_outer.o(.text) refers to defsig_exit.o(.text) for __sig_exit
    defsig_rtmem_formal.o(.text) refers to rt_raise.o(.text) for __rt_raise
    defsig_stak_inner.o(.text) refers to defsig_general.o(.text) for __default_signal_display
    defsig_pvfn_inner.o(.text) refers to defsig_general.o(.text) for __default_signal_display
    defsig_cppl_inner.o(.text) refers to defsig_general.o(.text) for __default_signal_display
    defsig_segv_inner.o(.text) refers to defsig_general.o(.text) for __default_signal_display
    defsig_other.o(.text) refers to defsig_general.o(.text) for __default_signal_display


==============================================================================

Removing Unused input sections from the image.

    Removing nrf51_lpcomp.o(.rev16_text), (4 bytes).
    Removing nrf51_lpcomp.o(.revsh_text), (4 bytes).
    Removing main.o(.rev16_text), (4 bytes).
    Removing main.o(.revsh_text), (4 bytes).
    Removing nrf51_clock.o(.rev16_text), (4 bytes).
    Removing nrf51_clock.o(.revsh_text), (4 bytes).
    Removing nrf51_rtc.o(.rev16_text), (4 bytes).
    Removing nrf51_rtc.o(.revsh_text), (4 bytes).
    Removing system_nrf51.o(.rev16_text), (4 bytes).
    Removing system_nrf51.o(.revsh_text), (4 bytes).

10 unused section(s) (total 40 bytes) removed from the image.

==============================================================================

Image Symbol Table

    Local Symbols

    Symbol Name                              Value     Ov Type        Size  Object(Section)

    RESET                                    0x00000000   Section     1088  arm_startup_nrf51.o(RESET)
    ../clib/angel/boardlib.s                 0x00000000   Number         0  boardshut.o ABSOLUTE
    ../clib/angel/boardlib.s                 0x00000000   Number         0  boardinit3.o ABSOLUTE
    ../clib/angel/boardlib.s                 0x00000000   Number         0  boardinit2.o ABSOLUTE
    ../clib/angel/boardlib.s                 0x00000000   Number         0  boardinit1.o ABSOLUTE
    ../clib/angel/handlers.s                 0x00000000   Number         0  __scatter_zi.o ABSOLUTE
    ../clib/angel/handlers.s                 0x00000000   Number         0  __scatter_copy.o ABSOLUTE
    ../clib/angel/kernel.s                   0x00000000   Number         0  rtexit.o ABSOLUTE
    ../clib/angel/kernel.s                   0x00000000   Number         0  rtentry2.o ABSOLUTE
    ../clib/angel/kernel.s                   0x00000000   Number         0  rtentry.o ABSOLUTE
    ../clib/angel/kernel.s                   0x00000000   Number         0  rtentry4.o ABSOLUTE
    ../clib/angel/kernel.s                   0x00000000   Number         0  rtexit2.o ABSOLUTE
    ../clib/angel/rt.s                       0x00000000   Number         0  rt_raise.o ABSOLUTE
    ../clib/angel/rt.s                       0x00000000   Number         0  rt_div0.o ABSOLUTE
    ../clib/angel/rt.s                       0x00000000   Number         0  aeabi_idiv0_sigfpe.o ABSOLUTE
    ../clib/angel/rt.s                       0x00000000   Number         0  aeabi_idiv0.o ABSOLUTE
    ../clib/angel/scatterp.s                 0x00000000   Number         0  __scatter.o ABSOLUTE
    ../clib/angel/startup.s                  0x00000000   Number         0  __main.o ABSOLUTE
    ../clib/angel/sys.s                      0x00000000   Number         0  sys_stackheap_outer.o ABSOLUTE
    ../clib/angel/sys.s                      0x00000000   Number         0  tempstk.o ABSOLUTE
    ../clib/angel/sys.s                      0x00000000   Number         0  indicate_semi.o ABSOLUTE
    ../clib/angel/sys.s                      0x00000000   Number         0  use_no_semi.o ABSOLUTE
    ../clib/angel/sys.s                      0x00000000   Number         0  libspace.o ABSOLUTE
    ../clib/angel/sysapp.c                   0x00000000   Number         0  sys_command.o ABSOLUTE
    ../clib/angel/sysapp.c                   0x00000000   Number         0  sys_wrch.o ABSOLUTE
    ../clib/angel/sysapp.c                   0x00000000   Number         0  sys_exit.o ABSOLUTE
    ../clib/armsys.c                         0x00000000   Number         0  argv_veneer.o ABSOLUTE
    ../clib/armsys.c                         0x00000000   Number         0  no_argv.o ABSOLUTE
    ../clib/armsys.c                         0x00000000   Number         0  _get_argv_nomalloc.o ABSOLUTE
    ../clib/division.s                       0x00000000   Number         0  aeabi_sdiv_div0.o ABSOLUTE
    ../clib/division.s                       0x00000000   Number         0  aeabi_sdiv.o ABSOLUTE
    ../clib/heapalloc.c                      0x00000000   Number         0  hrguard.o ABSOLUTE
    ../clib/heapaux.c                        0x00000000   Number         0  heapauxi.o ABSOLUTE
    ../clib/libinit.s                        0x00000000   Number         0  libshutdown2.o ABSOLUTE
    ../clib/libinit.s                        0x00000000   Number         0  libinit2.o ABSOLUTE
    ../clib/libinit.s                        0x00000000   Number         0  libinit.o ABSOLUTE
    ../clib/libinit.s                        0x00000000   Number         0  libshutdown.o ABSOLUTE
    ../clib/memcpset.c                       0x00000000   Number         0  rt_memcpy.o ABSOLUTE
    ../clib/memcpset.c                       0x00000000   Number         0  rt_memcpy.o ABSOLUTE
    ../clib/signal.c                         0x00000000   Number         0  defsig_abrt_inner.o ABSOLUTE
    ../clib/signal.c                         0x00000000   Number         0  defsig_segv_inner.o ABSOLUTE
    ../clib/signal.c                         0x00000000   Number         0  defsig_general.o ABSOLUTE
    ../clib/signal.c                         0x00000000   Number         0  __raise.o ABSOLUTE
    ../clib/signal.c                         0x00000000   Number         0  defsig_rtred_inner.o ABSOLUTE
    ../clib/signal.c                         0x00000000   Number         0  defsig_fpe_inner.o ABSOLUTE
    ../clib/signal.c                         0x00000000   Number         0  defsig_exit.o ABSOLUTE
    ../clib/signal.c                         0x00000000   Number         0  defsig_fpe_formal.o ABSOLUTE
    ../clib/signal.c                         0x00000000   Number         0  defsig_fpe_outer.o ABSOLUTE
    ../clib/signal.c                         0x00000000   Number         0  defsig_other.o ABSOLUTE
    ../clib/signal.c                         0x00000000   Number         0  defsig_cppl_inner.o ABSOLUTE
    ../clib/signal.c                         0x00000000   Number         0  defsig_pvfn_inner.o ABSOLUTE
    ../clib/signal.c                         0x00000000   Number         0  defsig_stak_inner.o ABSOLUTE
    ../clib/signal.c                         0x00000000   Number         0  defsig_rtmem_formal.o ABSOLUTE
    ../clib/signal.c                         0x00000000   Number         0  defsig_rtmem_outer.o ABSOLUTE
    ../clib/signal.c                         0x00000000   Number         0  defsig_rtmem_inner.o ABSOLUTE
    ../clib/signal.s                         0x00000000   Number         0  defsig.o ABSOLUTE
    ../clib/stdlib.c                         0x00000000   Number         0  exit.o ABSOLUTE
    ../fplib/cfplib/ddiv.c                   0x00000000   Number         0  ddiv.o ABSOLUTE
    ../fplib/cfplib/dmul.c                   0x00000000   Number         0  dmul.o ABSOLUTE
    ../fplib/cfplib/ffix.c                   0x00000000   Number         0  dfixui.o ABSOLUTE
    ../fplib/cfplib/fflt.c                   0x00000000   Number         0  dflti.o ABSOLUTE
    ../fplib/cfplib/fpinit.c                 0x00000000   Number         0  fpinit.o ABSOLUTE
    ../fplib/usenofp.s                       0x00000000   Number         0  usenofp.o ABSOLUTE
    RTE\Device\nRF51822_xxAA\arm_startup_nrf51.s 0x00000000   Number         0  arm_startup_nrf51.o ABSOLUTE
    RTE\Device\nRF51822_xxAA\system_nrf51.c  0x00000000   Number         0  system_nrf51.o ABSOLUTE
    RTE\\Device\\nRF51822_xxAA\\system_nrf51.c 0x00000000   Number         0  system_nrf51.o ABSOLUTE
    dc.s                                     0x00000000   Number         0  dc.o ABSOLUTE
    debug\SEGGER_RTT.c                       0x00000000   Number         0  segger_rtt.o ABSOLUTE
    debug\SEGGER_RTT_Printf.c                0x00000000   Number         0  segger_rtt_printf.o ABSOLUTE
    main.c                                   0x00000000   Number         0  main.o ABSOLUTE
    main.c                                   0x00000000   Number         0  main.o ABSOLUTE
    nrf51_CLOCK.c                            0x00000000   Number         0  nrf51_clock.o ABSOLUTE
    nrf51_CLOCK.c                            0x00000000   Number         0  nrf51_clock.o ABSOLUTE
    nrf51_LPCOMP.c                           0x00000000   Number         0  nrf51_lpcomp.o ABSOLUTE
    nrf51_LPCOMP.c                           0x00000000   Number         0  nrf51_lpcomp.o ABSOLUTE
    nrf51_RTC.c                              0x00000000   Number         0  nrf51_rtc.o ABSOLUTE
    nrf51_RTC.c                              0x00000000   Number         0  nrf51_rtc.o ABSOLUTE
    !!!main                                  0x00000440   Section        8  __main.o(!!!main)
    !!!scatter                               0x00000448   Section       60  __scatter.o(!!!scatter)
    !!handler_copy                           0x00000484   Section       26  __scatter_copy.o(!!handler_copy)
    !!handler_zi                             0x000004a0   Section       28  __scatter_zi.o(!!handler_zi)
    .ARM.Collect$$libinit$$00000000          0x000004bc   Section        2  libinit.o(.ARM.Collect$$libinit$$00000000)
    .ARM.Collect$$libinit$$00000001          0x000004be   Section        4  libinit2.o(.ARM.Collect$$libinit$$00000001)
    .ARM.Collect$$libinit$$00000008          0x000004c2   Section        0  libinit2.o(.ARM.Collect$$libinit$$00000008)
    .ARM.Collect$$libinit$$0000000A          0x000004c2   Section        0  libinit2.o(.ARM.Collect$$libinit$$0000000A)
    .ARM.Collect$$libinit$$0000000C          0x000004c2   Section        0  libinit2.o(.ARM.Collect$$libinit$$0000000C)
    .ARM.Collect$$libinit$$0000000F          0x000004c2   Section        0  libinit2.o(.ARM.Collect$$libinit$$0000000F)
    .ARM.Collect$$libinit$$00000011          0x000004c2   Section        0  libinit2.o(.ARM.Collect$$libinit$$00000011)
    .ARM.Collect$$libinit$$00000013          0x000004c2   Section        0  libinit2.o(.ARM.Collect$$libinit$$00000013)
    .ARM.Collect$$libinit$$00000015          0x000004c2   Section        0  libinit2.o(.ARM.Collect$$libinit$$00000015)
    .ARM.Collect$$libinit$$00000017          0x000004c2   Section        0  libinit2.o(.ARM.Collect$$libinit$$00000017)
    .ARM.Collect$$libinit$$00000019          0x000004c2   Section        0  libinit2.o(.ARM.Collect$$libinit$$00000019)
    .ARM.Collect$$libinit$$0000001B          0x000004c2   Section        0  libinit2.o(.ARM.Collect$$libinit$$0000001B)
    .ARM.Collect$$libinit$$0000001D          0x000004c2   Section        0  libinit2.o(.ARM.Collect$$libinit$$0000001D)
    .ARM.Collect$$libinit$$0000001F          0x000004c2   Section        0  libinit2.o(.ARM.Collect$$libinit$$0000001F)
    .ARM.Collect$$libinit$$00000021          0x000004c2   Section        0  libinit2.o(.ARM.Collect$$libinit$$00000021)
    .ARM.Collect$$libinit$$00000023          0x000004c2   Section        0  libinit2.o(.ARM.Collect$$libinit$$00000023)
    .ARM.Collect$$libinit$$0000002A          0x000004c2   Section        0  libinit2.o(.ARM.Collect$$libinit$$0000002A)
    .ARM.Collect$$libinit$$0000002C          0x000004c2   Section        0  libinit2.o(.ARM.Collect$$libinit$$0000002C)
    .ARM.Collect$$libinit$$0000002E          0x000004c2   Section        0  libinit2.o(.ARM.Collect$$libinit$$0000002E)
    .ARM.Collect$$libinit$$00000030          0x000004c2   Section        0  libinit2.o(.ARM.Collect$$libinit$$00000030)
    .ARM.Collect$$libinit$$00000031          0x000004c2   Section        2  libinit2.o(.ARM.Collect$$libinit$$00000031)
    .ARM.Collect$$libshutdown$$00000000      0x000004c4   Section        2  libshutdown.o(.ARM.Collect$$libshutdown$$00000000)
    .ARM.Collect$$libshutdown$$00000003      0x000004c6   Section        0  libshutdown2.o(.ARM.Collect$$libshutdown$$00000003)
    .ARM.Collect$$libshutdown$$00000006      0x000004c6   Section        0  libshutdown2.o(.ARM.Collect$$libshutdown$$00000006)
    .ARM.Collect$$libshutdown$$00000009      0x000004c6   Section        0  libshutdown2.o(.ARM.Collect$$libshutdown$$00000009)
    .ARM.Collect$$libshutdown$$0000000B      0x000004c6   Section        0  libshutdown2.o(.ARM.Collect$$libshutdown$$0000000B)
    .ARM.Collect$$libshutdown$$0000000E      0x000004c6   Section        0  libshutdown2.o(.ARM.Collect$$libshutdown$$0000000E)
    .ARM.Collect$$libshutdown$$0000000F      0x000004c6   Section        2  libshutdown2.o(.ARM.Collect$$libshutdown$$0000000F)
    .ARM.Collect$$rtentry$$00000000          0x000004c8   Section        0  rtentry.o(.ARM.Collect$$rtentry$$00000000)
    .ARM.Collect$$rtentry$$00000002          0x000004c8   Section        0  rtentry2.o(.ARM.Collect$$rtentry$$00000002)
    .ARM.Collect$$rtentry$$00000004          0x000004c8   Section        6  rtentry4.o(.ARM.Collect$$rtentry$$00000004)
    .ARM.Collect$$rtentry$$00000009          0x000004ce   Section        0  rtentry2.o(.ARM.Collect$$rtentry$$00000009)
    .ARM.Collect$$rtentry$$0000000A          0x000004ce   Section        4  rtentry2.o(.ARM.Collect$$rtentry$$0000000A)
    .ARM.Collect$$rtentry$$0000000C          0x000004d2   Section        0  rtentry2.o(.ARM.Collect$$rtentry$$0000000C)
    .ARM.Collect$$rtentry$$0000000D          0x000004d2   Section        8  rtentry2.o(.ARM.Collect$$rtentry$$0000000D)
    .ARM.Collect$$rtexit$$00000000           0x000004da   Section        2  rtexit.o(.ARM.Collect$$rtexit$$00000000)
    .ARM.Collect$$rtexit$$00000002           0x000004dc   Section        0  rtexit2.o(.ARM.Collect$$rtexit$$00000002)
    .ARM.Collect$$rtexit$$00000003           0x000004dc   Section        4  rtexit2.o(.ARM.Collect$$rtexit$$00000003)
    .ARM.Collect$$rtexit$$00000004           0x000004e0   Section        6  rtexit2.o(.ARM.Collect$$rtexit$$00000004)
    .emb_text                                0x000004e8   Section       56  rt_memcpy.o(.emb_text)
    .text                                    0x00000520   Section        0  nrf51_lpcomp.o(.text)
    .text                                    0x00000570   Section        0  main.o(.text)
    nrf_gpio_cfg_output                      0x0000066b   Thumb Code    18  main.o(.text)
    .text                                    0x000006ec   Section        0  nrf51_clock.o(.text)
    .text                                    0x00000714   Section        0  nrf51_rtc.o(.text)
    .text                                    0x00000718   Section        0  segger_rtt.o(.text)
    _strlen                                  0x00000719   Thumb Code    32  segger_rtt.o(.text)
    .text                                    0x00000a40   Section        0  segger_rtt_printf.o(.text)
    _StoreChar                               0x00000a41   Thumb Code    68  segger_rtt_printf.o(.text)
    _PrintUnsigned                           0x00000a85   Thumb Code   284  segger_rtt_printf.o(.text)
    _PrintInt                                0x00000ba1   Thumb Code   268  segger_rtt_printf.o(.text)
    .text                                    0x00000ed4   Section       84  arm_startup_nrf51.o(.text)
    .text                                    0x00000f28   Section        0  system_nrf51.o(.text)
    is_disabled_in_debug_needed              0x00000f31   Thumb Code    52  system_nrf51.o(.text)
    is_manual_peripheral_setup_needed        0x00000f65   Thumb Code   104  system_nrf51.o(.text)
    .text                                    0x00001010   Section        0  rt_memcpy.o(.text)
    .text                                    0x00001092   Section      346  aeabi_sdiv.o(.text)
    .text                                    0x000011ec   Section        0  heapauxi.o(.text)
    .text                                    0x000011f4   Section        0  ddiv.o(.text)
    .text                                    0x0000163c   Section        0  dfixui.o(.text)
    .text                                    0x00001680   Section        0  dflti.o(.text)
    .text                                    0x000016d8   Section        0  dmul.o(.text)
    .text                                    0x00001940   Section       62  sys_stackheap_outer.o(.text)
    .text                                    0x0000197e   Section        0  exit.o(.text)
    .text                                    0x0000198c   Section        8  libspace.o(.text)
    .text                                    0x00001994   Section        0  sys_exit.o(.text)
    .text                                    0x000019a0   Section        2  use_no_semi.o(.text)
    .constdata                               0x000019a2   Section       16  segger_rtt_printf.o(.constdata)
    .text                                    0x000019a2   Section        0  indicate_semi.o(.text)
    x$fpl$usenofp                            0x000019a2   Section        0  usenofp.o(x$fpl$usenofp)
    _aV2C                                    0x000019a2   Data          16  segger_rtt_printf.o(.constdata)
    .constdata                               0x000019b2   Section      128  ddiv.o(.constdata)
    ddiv_reciptbl                            0x000019b2   Data         128  ddiv.o(.constdata)
    .conststring                             0x00001a34   Section        9  segger_rtt.o(.conststring)
    .data                                    0x20000000   Section       20  main.o(.data)
    .data                                    0x20000014   Section      120  segger_rtt.o(.data)
    _SEGGER_RTT                              0x20000014   Data         120  segger_rtt.o(.data)
    .data                                    0x2000008c   Section        4  system_nrf51.o(.data)
    __tagsym$$used                           0x2000008c   Number         0  system_nrf51.o(.data)
    .bss                                     0x20000090   Section     1040  segger_rtt.o(.bss)
    _acUpBuffer                              0x20000090   Data        1024  segger_rtt.o(.bss)
    _acDownBuffer                            0x20000490   Data          16  segger_rtt.o(.bss)
    .bss                                     0x200004a0   Section       96  libspace.o(.bss)
    HEAP                                     0x20000500   Section     2048  arm_startup_nrf51.o(HEAP)
    Heap_Mem                                 0x20000500   Data        2048  arm_startup_nrf51.o(HEAP)
    STACK                                    0x20000d00   Section     2048  arm_startup_nrf51.o(STACK)
    Stack_Mem                                0x20000d00   Data        2048  arm_startup_nrf51.o(STACK)
    __initial_sp                             0x20001500   Data           0  arm_startup_nrf51.o(STACK)

    Global Symbols

    Symbol Name                              Value     Ov Type        Size  Object(Section)

    BuildAttributes$$THM_ISAv3M$S$PE$A:L22$X:L11$S22$IEEE1$IW$USESV6$~STKCKD$USESV7$~SHL$OSPACE$ROPI$EBA8$UX$STANDARDLIB$REQ8$PRES8$EABIv2 0x00000000   Number         0  anon$$obj.o ABSOLUTE
    __ARM_use_no_argv                        0x00000000   Number         0  main.o ABSOLUTE
    __Vectors                                0x00000000   Data           4  arm_startup_nrf51.o(RESET)
    __ARM_exceptions_init                     - Undefined Weak Reference
    __alloca_initialize                       - Undefined Weak Reference
    __cpp_initialize__aeabi_                  - Undefined Weak Reference
    __cxa_finalize                            - Undefined Weak Reference
    __rt_locale                               - Undefined Weak Reference
    __sigvec_lookup                           - Undefined Weak Reference
    _atexit_init                              - Undefined Weak Reference
    _call_atexit_fns                          - Undefined Weak Reference
    _clock_init                               - Undefined Weak Reference
    _fp_trap_init                             - Undefined Weak Reference
    _fp_trap_shutdown                         - Undefined Weak Reference
    _get_lc_collate                           - Undefined Weak Reference
    _get_lc_ctype                             - Undefined Weak Reference
    _get_lc_monetary                          - Undefined Weak Reference
    _get_lc_numeric                           - Undefined Weak Reference
    _get_lc_time                              - Undefined Weak Reference
    _getenv_init                              - Undefined Weak Reference
    _handle_redirection                       - Undefined Weak Reference
    _init_alloc                               - Undefined Weak Reference
    _init_user_alloc                          - Undefined Weak Reference
    _initio                                   - Undefined Weak Reference
    _rand_init                                - Undefined Weak Reference
    _signal_finish                            - Undefined Weak Reference
    _signal_init                              - Undefined Weak Reference
    _terminate_alloc                          - Undefined Weak Reference
    _terminate_user_alloc                     - Undefined Weak Reference
    _terminateio                              - Undefined Weak Reference
    __Vectors_End                            0x00000440   Data           0  arm_startup_nrf51.o(RESET)
    __Vectors_Size                           0x00000440   Number         0  arm_startup_nrf51.o ABSOLUTE
    __main                                   0x00000441   Thumb Code     8  __main.o(!!!main)
    __scatterload                            0x00000449   Thumb Code     0  __scatter.o(!!!scatter)
    __scatterload_rt2                        0x00000449   Thumb Code    52  __scatter.o(!!!scatter)
    __scatterload_rt2_thumb_only             0x00000449   Thumb Code     0  __scatter.o(!!!scatter)
    __scatterload_null                       0x00000459   Thumb Code     0  __scatter.o(!!!scatter)
    __scatterload_copy                       0x00000485   Thumb Code    26  __scatter_copy.o(!!handler_copy)
    __scatterload_zeroinit                   0x000004a1   Thumb Code    28  __scatter_zi.o(!!handler_zi)
    __rt_lib_init                            0x000004bd   Thumb Code     0  libinit.o(.ARM.Collect$$libinit$$00000000)
    __rt_lib_init_fp_1                       0x000004bf   Thumb Code     0  libinit2.o(.ARM.Collect$$libinit$$00000001)
    __rt_lib_init_alloca_1                   0x000004c3   Thumb Code     0  libinit2.o(.ARM.Collect$$libinit$$0000002C)
    __rt_lib_init_argv_1                     0x000004c3   Thumb Code     0  libinit2.o(.ARM.Collect$$libinit$$0000002A)
    __rt_lib_init_atexit_1                   0x000004c3   Thumb Code     0  libinit2.o(.ARM.Collect$$libinit$$00000019)
    __rt_lib_init_clock_1                    0x000004c3   Thumb Code     0  libinit2.o(.ARM.Collect$$libinit$$0000001F)
    __rt_lib_init_cpp_1                      0x000004c3   Thumb Code     0  libinit2.o(.ARM.Collect$$libinit$$00000030)
    __rt_lib_init_exceptions_1               0x000004c3   Thumb Code     0  libinit2.o(.ARM.Collect$$libinit$$0000002E)
    __rt_lib_init_fp_trap_1                  0x000004c3   Thumb Code     0  libinit2.o(.ARM.Collect$$libinit$$0000001D)
    __rt_lib_init_getenv_1                   0x000004c3   Thumb Code     0  libinit2.o(.ARM.Collect$$libinit$$00000021)
    __rt_lib_init_heap_1                     0x000004c3   Thumb Code     0  libinit2.o(.ARM.Collect$$libinit$$00000008)
    __rt_lib_init_lc_collate_1               0x000004c3   Thumb Code     0  libinit2.o(.ARM.Collect$$libinit$$0000000F)
    __rt_lib_init_lc_ctype_1                 0x000004c3   Thumb Code     0  libinit2.o(.ARM.Collect$$libinit$$00000011)
    __rt_lib_init_lc_monetary_1              0x000004c3   Thumb Code     0  libinit2.o(.ARM.Collect$$libinit$$00000013)
    __rt_lib_init_lc_numeric_1               0x000004c3   Thumb Code     0  libinit2.o(.ARM.Collect$$libinit$$00000015)
    __rt_lib_init_lc_time_1                  0x000004c3   Thumb Code     0  libinit2.o(.ARM.Collect$$libinit$$00000017)
    __rt_lib_init_rand_1                     0x000004c3   Thumb Code     0  libinit2.o(.ARM.Collect$$libinit$$0000000C)
    __rt_lib_init_return                     0x000004c3   Thumb Code     0  libinit2.o(.ARM.Collect$$libinit$$00000031)
    __rt_lib_init_signal_1                   0x000004c3   Thumb Code     0  libinit2.o(.ARM.Collect$$libinit$$0000001B)
    __rt_lib_init_stdio_1                    0x000004c3   Thumb Code     0  libinit2.o(.ARM.Collect$$libinit$$00000023)
    __rt_lib_init_user_alloc_1               0x000004c3   Thumb Code     0  libinit2.o(.ARM.Collect$$libinit$$0000000A)
    __rt_lib_shutdown                        0x000004c5   Thumb Code     0  libshutdown.o(.ARM.Collect$$libshutdown$$00000000)
    __rt_lib_shutdown_fp_trap_1              0x000004c7   Thumb Code     0  libshutdown2.o(.ARM.Collect$$libshutdown$$00000006)
    __rt_lib_shutdown_heap_1                 0x000004c7   Thumb Code     0  libshutdown2.o(.ARM.Collect$$libshutdown$$0000000E)
    __rt_lib_shutdown_return                 0x000004c7   Thumb Code     0  libshutdown2.o(.ARM.Collect$$libshutdown$$0000000F)
    __rt_lib_shutdown_signal_1               0x000004c7   Thumb Code     0  libshutdown2.o(.ARM.Collect$$libshutdown$$00000009)
    __rt_lib_shutdown_stdio_1                0x000004c7   Thumb Code     0  libshutdown2.o(.ARM.Collect$$libshutdown$$00000003)
    __rt_lib_shutdown_user_alloc_1           0x000004c7   Thumb Code     0  libshutdown2.o(.ARM.Collect$$libshutdown$$0000000B)
    __rt_entry                               0x000004c9   Thumb Code     0  rtentry.o(.ARM.Collect$$rtentry$$00000000)
    __rt_entry_presh_1                       0x000004c9   Thumb Code     0  rtentry2.o(.ARM.Collect$$rtentry$$00000002)
    __rt_entry_sh                            0x000004c9   Thumb Code     0  rtentry4.o(.ARM.Collect$$rtentry$$00000004)
    __rt_entry_li                            0x000004cf   Thumb Code     0  rtentry2.o(.ARM.Collect$$rtentry$$0000000A)
    __rt_entry_postsh_1                      0x000004cf   Thumb Code     0  rtentry2.o(.ARM.Collect$$rtentry$$00000009)
    __rt_entry_main                          0x000004d3   Thumb Code     0  rtentry2.o(.ARM.Collect$$rtentry$$0000000D)
    __rt_entry_postli_1                      0x000004d3   Thumb Code     0  rtentry2.o(.ARM.Collect$$rtentry$$0000000C)
    __rt_exit                                0x000004db   Thumb Code     0  rtexit.o(.ARM.Collect$$rtexit$$00000000)
    __rt_exit_ls                             0x000004dd   Thumb Code     0  rtexit2.o(.ARM.Collect$$rtexit$$00000003)
    __rt_exit_prels_1                        0x000004dd   Thumb Code     0  rtexit2.o(.ARM.Collect$$rtexit$$00000002)
    __rt_exit_exit                           0x000004e1   Thumb Code     0  rtexit2.o(.ARM.Collect$$rtexit$$00000004)
    __aeabi_memcpy4                          0x000004e9   Thumb Code    56  rt_memcpy.o(.emb_text)
    __aeabi_memcpy8                          0x000004e9   Thumb Code     0  rt_memcpy.o(.emb_text)
    LPCOMP_init                              0x00000521   Thumb Code    52  nrf51_lpcomp.o(.text)
    LPCOMP_IRQHandler                        0x00000555   Thumb Code     8  nrf51_lpcomp.o(.text)
    main                                     0x00000571   Thumb Code   250  main.o(.text)
    LFCLOCK_init                             0x000006ed   Thumb Code    30  nrf51_clock.o(.text)
    RTC0_init                                0x00000715   Thumb Code     2  nrf51_rtc.o(.text)
    SEGGER_RTT_Read                          0x00000739   Thumb Code   190  segger_rtt.o(.text)
    SEGGER_RTT_Write                         0x000007f7   Thumb Code   318  segger_rtt.o(.text)
    SEGGER_RTT_WriteString                   0x00000935   Thumb Code    26  segger_rtt.o(.text)
    SEGGER_RTT_GetKey                        0x0000094f   Thumb Code    30  segger_rtt.o(.text)
    SEGGER_RTT_WaitKey                       0x0000096d   Thumb Code    14  segger_rtt.o(.text)
    SEGGER_RTT_HasKey                        0x0000097b   Thumb Code    20  segger_rtt.o(.text)
    SEGGER_RTT_ConfigUpBuffer                0x0000098f   Thumb Code    90  segger_rtt.o(.text)
    SEGGER_RTT_ConfigDownBuffer              0x000009e9   Thumb Code    84  segger_rtt.o(.text)
    SEGGER_RTT_vprintf                       0x00000cad   Thumb Code   520  segger_rtt_printf.o(.text)
    SEGGER_RTT_printf                        0x00000eb5   Thumb Code    28  segger_rtt_printf.o(.text)
    Reset_Handler                            0x00000ed5   Thumb Code    26  arm_startup_nrf51.o(.text)
    NMI_Handler                              0x00000eef   Thumb Code     2  arm_startup_nrf51.o(.text)
    HardFault_Handler                        0x00000ef1   Thumb Code     2  arm_startup_nrf51.o(.text)
    SVC_Handler                              0x00000ef3   Thumb Code     2  arm_startup_nrf51.o(.text)
    PendSV_Handler                           0x00000ef5   Thumb Code     2  arm_startup_nrf51.o(.text)
    SysTick_Handler                          0x00000ef7   Thumb Code     2  arm_startup_nrf51.o(.text)
    ADC_IRQHandler                           0x00000ef9   Thumb Code     0  arm_startup_nrf51.o(.text)
    CCM_AAR_IRQHandler                       0x00000ef9   Thumb Code     0  arm_startup_nrf51.o(.text)
    ECB_IRQHandler                           0x00000ef9   Thumb Code     0  arm_startup_nrf51.o(.text)
    GPIOTE_IRQHandler                        0x00000ef9   Thumb Code     0  arm_startup_nrf51.o(.text)
    POWER_CLOCK_IRQHandler                   0x00000ef9   Thumb Code     0  arm_startup_nrf51.o(.text)
    QDEC_IRQHandler                          0x00000ef9   Thumb Code     0  arm_startup_nrf51.o(.text)
    RADIO_IRQHandler                         0x00000ef9   Thumb Code     0  arm_startup_nrf51.o(.text)
    RNG_IRQHandler                           0x00000ef9   Thumb Code     0  arm_startup_nrf51.o(.text)
    RTC0_IRQHandler                          0x00000ef9   Thumb Code     0  arm_startup_nrf51.o(.text)
    RTC1_IRQHandler                          0x00000ef9   Thumb Code     0  arm_startup_nrf51.o(.text)
    SPI0_TWI0_IRQHandler                     0x00000ef9   Thumb Code     0  arm_startup_nrf51.o(.text)
    SPI1_TWI1_IRQHandler                     0x00000ef9   Thumb Code     0  arm_startup_nrf51.o(.text)
    SWI0_IRQHandler                          0x00000ef9   Thumb Code     0  arm_startup_nrf51.o(.text)
    SWI1_IRQHandler                          0x00000ef9   Thumb Code     0  arm_startup_nrf51.o(.text)
    SWI2_IRQHandler                          0x00000ef9   Thumb Code     0  arm_startup_nrf51.o(.text)
    SWI3_IRQHandler                          0x00000ef9   Thumb Code     0  arm_startup_nrf51.o(.text)
    SWI4_IRQHandler                          0x00000ef9   Thumb Code     0  arm_startup_nrf51.o(.text)
    SWI5_IRQHandler                          0x00000ef9   Thumb Code     0  arm_startup_nrf51.o(.text)
    TEMP_IRQHandler                          0x00000ef9   Thumb Code     0  arm_startup_nrf51.o(.text)
    TIMER0_IRQHandler                        0x00000ef9   Thumb Code     0  arm_startup_nrf51.o(.text)
    TIMER1_IRQHandler                        0x00000ef9   Thumb Code     0  arm_startup_nrf51.o(.text)
    TIMER2_IRQHandler                        0x00000ef9   Thumb Code     0  arm_startup_nrf51.o(.text)
    UART0_IRQHandler                         0x00000ef9   Thumb Code     0  arm_startup_nrf51.o(.text)
    WDT_IRQHandler                           0x00000ef9   Thumb Code     0  arm_startup_nrf51.o(.text)
    __user_initial_stackheap                 0x00000efd   Thumb Code     0  arm_startup_nrf51.o(.text)
    SystemCoreClockUpdate                    0x00000f29   Thumb Code     8  system_nrf51.o(.text)
    SystemInit                               0x00000fcd   Thumb Code    38  system_nrf51.o(.text)
    __aeabi_memcpy                           0x00001011   Thumb Code   130  rt_memcpy.o(.text)
    __rt_memcpy                              0x00001011   Thumb Code     0  rt_memcpy.o(.text)
    __aeabi_uidiv                            0x00001093   Thumb Code     0  aeabi_sdiv.o(.text)
    __aeabi_uidivmod                         0x00001093   Thumb Code    20  aeabi_sdiv.o(.text)
    __aeabi_idiv                             0x000010a7   Thumb Code     0  aeabi_sdiv.o(.text)
    __aeabi_idivmod                          0x000010a7   Thumb Code   326  aeabi_sdiv.o(.text)
    __use_two_region_memory                  0x000011ed   Thumb Code     2  heapauxi.o(.text)
    __rt_heap_escrow$2region                 0x000011ef   Thumb Code     2  heapauxi.o(.text)
    __rt_heap_expand$2region                 0x000011f1   Thumb Code     2  heapauxi.o(.text)
    __aeabi_ddiv                             0x000011f5   Thumb Code     0  ddiv.o(.text)
    _ddiv                                    0x000011f5   Thumb Code  1072  ddiv.o(.text)
    _drdiv                                   0x00001625   Thumb Code    20  ddiv.o(.text)
    __aeabi_d2uiz                            0x0000163d   Thumb Code     0  dfixui.o(.text)
    _dfixu                                   0x0000163d   Thumb Code    64  dfixui.o(.text)
    __aeabi_i2d_normalise                    0x00001681   Thumb Code    66  dflti.o(.text)
    __aeabi_i2d                              0x000016c3   Thumb Code    16  dflti.o(.text)
    _dflt                                    0x000016c3   Thumb Code     0  dflti.o(.text)
    __aeabi_ui2d                             0x000016d3   Thumb Code     6  dflti.o(.text)
    _dfltu                                   0x000016d3   Thumb Code     0  dflti.o(.text)
    __aeabi_dmul                             0x000016d9   Thumb Code     0  dmul.o(.text)
    _dmul                                    0x000016d9   Thumb Code   592  dmul.o(.text)
    __user_setup_stackheap                   0x00001941   Thumb Code    62  sys_stackheap_outer.o(.text)
    exit                                     0x0000197f   Thumb Code    12  exit.o(.text)
    __user_libspace                          0x0000198d   Thumb Code     8  libspace.o(.text)
    __user_perproc_libspace                  0x0000198d   Thumb Code     0  libspace.o(.text)
    __user_perthread_libspace                0x0000198d   Thumb Code     0  libspace.o(.text)
    _sys_exit                                0x00001995   Thumb Code     8  sys_exit.o(.text)
    __I$use$semihosting                      0x000019a1   Thumb Code     0  use_no_semi.o(.text)
    __use_no_semihosting_swi                 0x000019a1   Thumb Code     2  use_no_semi.o(.text)
    __I$use$fp                               0x000019a2   Number         0  usenofp.o(x$fpl$usenofp)
    __semihosting_library_function           0x000019a3   Thumb Code     0  indicate_semi.o(.text)
    Region$$Table$$Base                      0x00001a40   Number         0  anon$$obj.o(Region$$Table)
    Region$$Table$$Limit                     0x00001a60   Number         0  anon$$obj.o(Region$$Table)
    debug_cnt                                0x20000000   Data           4  main.o(.data)
    IsRTC0Running                            0x20000004   Data           4  main.o(.data)
    PreviousRTC0CounterValue                 0x20000008   Data           4  main.o(.data)
    DeltaTime                                0x2000000c   Data           4  main.o(.data)
    Speed_kmh                                0x20000010   Data           4  main.o(.data)
    SystemCoreClock                          0x2000008c   Data           4  system_nrf51.o(.data)
    __libspace_start                         0x200004a0   Data          96  libspace.o(.bss)
    __temporary_stack_top$libspace           0x20000500   Data           0  libspace.o(.bss)



==============================================================================

Memory Map of the image

  Image Entry point : 0x00000441

  Load Region LR_IROM1 (Base: 0x00000000, Size: 0x00001af0, Max: 0x00040000, ABSOLUTE)

    Execution Region ER_IROM1 (Base: 0x00000000, Size: 0x00001a60, Max: 0x00040000, ABSOLUTE)

    Base Addr    Size         Type   Attr      Idx    E Section Name        Object

    0x00000000   0x00000440   Data   RO          182    RESET               arm_startup_nrf51.o
    0x00000440   0x00000008   Code   RO          234  * !!!main             c_p.l(__main.o)
    0x00000448   0x0000003c   Code   RO          410    !!!scatter          c_p.l(__scatter.o)
    0x00000484   0x0000001a   Code   RO          412    !!handler_copy      c_p.l(__scatter_copy.o)
    0x0000049e   0x00000002   PAD
    0x000004a0   0x0000001c   Code   RO          414    !!handler_zi        c_p.l(__scatter_zi.o)
    0x000004bc   0x00000002   Code   RO          282    .ARM.Collect$$libinit$$00000000  c_p.l(libinit.o)
    0x000004be   0x00000004   Code   RO          295    .ARM.Collect$$libinit$$00000001  c_p.l(libinit2.o)
    0x000004c2   0x00000000   Code   RO          299    .ARM.Collect$$libinit$$00000008  c_p.l(libinit2.o)
    0x000004c2   0x00000000   Code   RO          301    .ARM.Collect$$libinit$$0000000A  c_p.l(libinit2.o)
    0x000004c2   0x00000000   Code   RO          303    .ARM.Collect$$libinit$$0000000C  c_p.l(libinit2.o)
    0x000004c2   0x00000000   Code   RO          306    .ARM.Collect$$libinit$$0000000F  c_p.l(libinit2.o)
    0x000004c2   0x00000000   Code   RO          308    .ARM.Collect$$libinit$$00000011  c_p.l(libinit2.o)
    0x000004c2   0x00000000   Code   RO          310    .ARM.Collect$$libinit$$00000013  c_p.l(libinit2.o)
    0x000004c2   0x00000000   Code   RO          312    .ARM.Collect$$libinit$$00000015  c_p.l(libinit2.o)
    0x000004c2   0x00000000   Code   RO          314    .ARM.Collect$$libinit$$00000017  c_p.l(libinit2.o)
    0x000004c2   0x00000000   Code   RO          316    .ARM.Collect$$libinit$$00000019  c_p.l(libinit2.o)
    0x000004c2   0x00000000   Code   RO          318    .ARM.Collect$$libinit$$0000001B  c_p.l(libinit2.o)
    0x000004c2   0x00000000   Code   RO          320    .ARM.Collect$$libinit$$0000001D  c_p.l(libinit2.o)
    0x000004c2   0x00000000   Code   RO          322    .ARM.Collect$$libinit$$0000001F  c_p.l(libinit2.o)
    0x000004c2   0x00000000   Code   RO          324    .ARM.Collect$$libinit$$00000021  c_p.l(libinit2.o)
    0x000004c2   0x00000000   Code   RO          326    .ARM.Collect$$libinit$$00000023  c_p.l(libinit2.o)
    0x000004c2   0x00000000   Code   RO          330    .ARM.Collect$$libinit$$0000002A  c_p.l(libinit2.o)
    0x000004c2   0x00000000   Code   RO          332    .ARM.Collect$$libinit$$0000002C  c_p.l(libinit2.o)
    0x000004c2   0x00000000   Code   RO          334    .ARM.Collect$$libinit$$0000002E  c_p.l(libinit2.o)
    0x000004c2   0x00000000   Code   RO          336    .ARM.Collect$$libinit$$00000030  c_p.l(libinit2.o)
    0x000004c2   0x00000002   Code   RO          337    .ARM.Collect$$libinit$$00000031  c_p.l(libinit2.o)
    0x000004c4   0x00000002   Code   RO          368    .ARM.Collect$$libshutdown$$00000000  c_p.l(libshutdown.o)
    0x000004c6   0x00000000   Code   RO          395    .ARM.Collect$$libshutdown$$00000003  c_p.l(libshutdown2.o)
    0x000004c6   0x00000000   Code   RO          398    .ARM.Collect$$libshutdown$$00000006  c_p.l(libshutdown2.o)
    0x000004c6   0x00000000   Code   RO          401    .ARM.Collect$$libshutdown$$00000009  c_p.l(libshutdown2.o)
    0x000004c6   0x00000000   Code   RO          403    .ARM.Collect$$libshutdown$$0000000B  c_p.l(libshutdown2.o)
    0x000004c6   0x00000000   Code   RO          406    .ARM.Collect$$libshutdown$$0000000E  c_p.l(libshutdown2.o)
    0x000004c6   0x00000002   Code   RO          407    .ARM.Collect$$libshutdown$$0000000F  c_p.l(libshutdown2.o)
    0x000004c8   0x00000000   Code   RO          245    .ARM.Collect$$rtentry$$00000000  c_p.l(rtentry.o)
    0x000004c8   0x00000000   Code   RO          252    .ARM.Collect$$rtentry$$00000002  c_p.l(rtentry2.o)
    0x000004c8   0x00000006   Code   RO          264    .ARM.Collect$$rtentry$$00000004  c_p.l(rtentry4.o)
    0x000004ce   0x00000000   Code   RO          254    .ARM.Collect$$rtentry$$00000009  c_p.l(rtentry2.o)
    0x000004ce   0x00000004   Code   RO          255    .ARM.Collect$$rtentry$$0000000A  c_p.l(rtentry2.o)
    0x000004d2   0x00000000   Code   RO          257    .ARM.Collect$$rtentry$$0000000C  c_p.l(rtentry2.o)
    0x000004d2   0x00000008   Code   RO          258    .ARM.Collect$$rtentry$$0000000D  c_p.l(rtentry2.o)
    0x000004da   0x00000002   Code   RO          287    .ARM.Collect$$rtexit$$00000000  c_p.l(rtexit.o)
    0x000004dc   0x00000000   Code   RO          341    .ARM.Collect$$rtexit$$00000002  c_p.l(rtexit2.o)
    0x000004dc   0x00000004   Code   RO          342    .ARM.Collect$$rtexit$$00000003  c_p.l(rtexit2.o)
    0x000004e0   0x00000006   Code   RO          343    .ARM.Collect$$rtexit$$00000004  c_p.l(rtexit2.o)
    0x000004e6   0x00000002   PAD
    0x000004e8   0x00000038   Code   RO          224    .emb_text           c_p.l(rt_memcpy.o)
    0x00000520   0x00000050   Code   RO            3    .text               nrf51_lpcomp.o
    0x00000570   0x0000017c   Code   RO           57    .text               main.o
    0x000006ec   0x00000028   Code   RO          101    .text               nrf51_clock.o
    0x00000714   0x00000002   Code   RO          121    .text               nrf51_rtc.o
    0x00000716   0x00000002   PAD
    0x00000718   0x00000328   Code   RO          139    .text               segger_rtt.o
    0x00000a40   0x00000494   Code   RO          164    .text               segger_rtt_printf.o
    0x00000ed4   0x00000054   Code   RO          183    .text               arm_startup_nrf51.o
    0x00000f28   0x000000e8   Code   RO          189    .text               system_nrf51.o
    0x00001010   0x00000082   Code   RO          225    .text               c_p.l(rt_memcpy.o)
    0x00001092   0x0000015a   Code   RO          228    .text               c_p.l(aeabi_sdiv.o)
    0x000011ec   0x00000006   Code   RO          232    .text               c_p.l(heapauxi.o)
    0x000011f2   0x00000002   PAD
    0x000011f4   0x00000448   Code   RO          236    .text               fz_ps.l(ddiv.o)
    0x0000163c   0x00000044   Code   RO          239    .text               fz_ps.l(dfixui.o)
    0x00001680   0x00000058   Code   RO          241    .text               fz_ps.l(dflti.o)
    0x000016d8   0x00000268   Code   RO          243    .text               fz_ps.l(dmul.o)
    0x00001940   0x0000003e   Code   RO          268    .text               c_p.l(sys_stackheap_outer.o)
    0x0000197e   0x0000000c   Code   RO          271    .text               c_p.l(exit.o)
    0x0000198a   0x00000002   PAD
    0x0000198c   0x00000008   Code   RO          283    .text               c_p.l(libspace.o)
    0x00001994   0x0000000c   Code   RO          338    .text               c_p.l(sys_exit.o)
    0x000019a0   0x00000002   Code   RO          357    .text               c_p.l(use_no_semi.o)
    0x000019a2   0x00000000   Code   RO          359    .text               c_p.l(indicate_semi.o)
    0x000019a2   0x00000000   Code   RO          250    x$fpl$usenofp       fz_ps.l(usenofp.o)
    0x000019a2   0x00000010   Data   RO          165    .constdata          segger_rtt_printf.o
    0x000019b2   0x00000080   Data   RO          237    .constdata          fz_ps.l(ddiv.o)
    0x00001a32   0x00000002   PAD
    0x00001a34   0x00000009   Data   RO          141    .conststring        segger_rtt.o
    0x00001a3d   0x00000003   PAD
    0x00001a40   0x00000020   Data   RO          408    Region$$Table       anon$$obj.o


    Execution Region RW_IRAM1 (Base: 0x20000000, Size: 0x00001500, Max: 0x00004000, ABSOLUTE)

    Base Addr    Size         Type   Attr      Idx    E Section Name        Object

    0x20000000   0x00000014   Data   RW           58    .data               main.o
    0x20000014   0x00000078   Data   RW          142    .data               segger_rtt.o
    0x2000008c   0x00000004   Data   RW          190    .data               system_nrf51.o
    0x20000090   0x00000410   Zero   RW          140    .bss                segger_rtt.o
    0x200004a0   0x00000060   Zero   RW          284    .bss                c_p.l(libspace.o)
    0x20000500   0x00000800   Zero   RW          181    HEAP                arm_startup_nrf51.o
    0x20000d00   0x00000800   Zero   RW          180    STACK               arm_startup_nrf51.o


==============================================================================

Image component sizes


      Code (inc. data)   RO Data    RW Data    ZI Data      Debug   Object Name

        84         36       1088          0       4096        716   arm_startup_nrf51.o
       380        112          0         20          0       3218   main.o
        40         10          0          0          0        455   nrf51_clock.o
        80         20          0          0          0      26568   nrf51_lpcomp.o
         2          0          0          0          0        424   nrf51_rtc.o
       808          4          9        120       1040       4575   segger_rtt.o
      1172          4         16          0          0       4627   segger_rtt_printf.o
       232         30          0          4          0       1377   system_nrf51.o

    ----------------------------------------------------------------------
      2800        216       1148        144       5136      41960   Object Totals
         0          0         32          0          0          0   (incl. Generated)
         2          0          3          0          0          0   (incl. Padding)

    ----------------------------------------------------------------------

      Code (inc. data)   RO Data    RW Data    ZI Data      Debug   Library Member Name

         8          0          0          0          0         68   __main.o
        60          8          0          0          0          0   __scatter.o
        26          0          0          0          0          0   __scatter_copy.o
        28          0          0          0          0          0   __scatter_zi.o
       346          0          0          0          0         92   aeabi_sdiv.o
        12          0          0          0          0         64   exit.o
         6          0          0          0          0        136   heapauxi.o
         0          0          0          0          0          0   indicate_semi.o
         2          0          0          0          0          0   libinit.o
         6          0          0          0          0          0   libinit2.o
         2          0          0          0          0          0   libshutdown.o
         2          0          0          0          0          0   libshutdown2.o
         8          4          0          0         96         68   libspace.o
       186          0          0          0          0        144   rt_memcpy.o
         0          0          0          0          0          0   rtentry.o
        12          0          0          0          0          0   rtentry2.o
         6          0          0          0          0          0   rtentry4.o
         2          0          0          0          0          0   rtexit.o
        10          0          0          0          0          0   rtexit2.o
        12          4          0          0          0         60   sys_exit.o
        62          0          0          0          0         80   sys_stackheap_outer.o
         2          0          0          0          0         68   use_no_semi.o
      1096         26        128          0          0        116   ddiv.o
        68          4          0          0          0         68   dfixui.o
        88          0          0          0          0         92   dflti.o
       616         24          0          0          0         84   dmul.o
         0          0          0          0          0          0   usenofp.o

    ----------------------------------------------------------------------
      2674         70        130          0         96       1140   Library Totals
         8          0          2          0          0          0   (incl. Padding)

    ----------------------------------------------------------------------

      Code (inc. data)   RO Data    RW Data    ZI Data      Debug   Library Name

       798         16          0          0         96        780   c_p.l
      1868         54        128          0          0        360   fz_ps.l

    ----------------------------------------------------------------------
      2674         70        130          0         96       1140   Library Totals

    ----------------------------------------------------------------------

==============================================================================


      Code (inc. data)   RO Data    RW Data    ZI Data      Debug   

      5474        286       1278        144       5232      42376   Grand Totals
      5474        286       1278        144       5232      42376   ELF Image Totals
      5474        286       1278        144          0          0   ROM Totals

==============================================================================

    Total RO  Size (Code + RO Data)                 6752 (   6.59kB)
    Total RW  Size (RW Data + ZI Data)              5376 (   5.25kB)
    Total ROM Size (Code + RO Data + RW Data)       6896 (   6.73kB)

==============================================================================

