<html>
<body>
<pre>
<h1>µVision Build Log</h1>
<h2>Project:</h2>
C:\Users\Luca\Dropbox\Università\Reti e sistemi multimediali\BEH\nRF51822_bleeh__WorkingCopy\trunk\bleeh\bleeh.uvprojx
Project File Date:  10/17/2014

<h2>Output:</h2>
Rebuild target 'bleeh'
compiling nrf51_LPCOMP.c...
compiling main.c...
compiling nrf51_CLOCK.c...
compiling nrf51_RTC.c...
compiling SEGGER_RTT.c...
compiling SEGGER_RTT_Printf.c...
debug\SEGGER_RTT_Printf.c(299): warning:  #111-D: statement is unreachable
          default:  goto FilterFieldWidth;                   break;
debug\SEGGER_RTT_Printf.c: 1 warning, 0 errors
assembling arm_startup_nrf51.s...
compiling system_nrf51.c...
linking...
Program Size: Code=5398 RO-data=1278 RW-data=144 ZI-data=5232  
".\bleeh.axf" - 0 Error(s), 1 Warning(s).

<h2>Software Packages used:</h2>

Package Vendor: ARM
                http://www.keil.com/pack/ARM.CMSIS.3.20.4.pack
                ARM::CMSIS:CORE:3.20.0
                Cortex Microcontroller Software Interface Standard (CMSIS) CORE, DSP, RTOS, Driver
   * Component: CORE Version: 3.20.0

Package Vendor: NordicSemiconductor
                http://www.keil.com/pack/NordicSemiconductor.nRF_DeviceFamilyPack.1.1.1.pack
                NordicSemiconductor::Device:Startup:1.0.0
                Nordic Semiconductor nRF ARM devices Device Family Pack.
   * Component: Startup Version: 1.0.0

<h2>Collection of Component include folders:</h2>
  C:\Users\Luca\Dropbox\Università\Reti e sistemi multimediali\BEH\nRF51822_bleeh__WorkingCopy\trunk\bleeh\RTE
  C:\Keil_v5\ARM\PACK\ARM\CMSIS\3.20.4\CMSIS\Include
  C:\Keil_v5\ARM\PACK\NordicSemiconductor\nRF_DeviceFamilyPack\1.1.1\Device\Include

<h2>Collection of Component Files used:</h2>

   * Component: ARM::CMSIS:CORE:3.20.0

   * Component: NordicSemiconductor::Device:Startup:1.0.0
      Source file:   Device\Source\system_nrf51.c
      Source file:   Device\Source\arm\arm_startup_nrf51.s
      Include file:  Device\Include\system_nrf51.h
Load "C:\\Users\\Luca\\Dropbox\\Università\\Reti e sistemi multimediali\\BEH\\nRF51822_bleeh__WorkingCopy\\trunk\\bleeh\\bleeh.axf" 
Set JLink Project File to "C:\Users\Luca\Dropbox\Università\Reti e sistemi multimediali\BEH\nRF51822_bleeh__WorkingCopy\trunk\bleeh\JLinkSettings.ini"
* JLink Info: Device "NRF51822_XXAA" selected (257 KB flash, 16 KB RAM).
 
JLink info:
------------
DLL: V4.92 , compiled Sep 30 2014 09:33:42
Firmware: J-Link OB-SAM3U128 V1 compiled Aug 22 2014 17:25:44
Hardware: V1.00
S/N : 480206406 
 
Error: Flash Download failed  -  Target DLL has been cancelled
Load "C:\\Users\\Luca\\Dropbox\\Università\\Reti e sistemi multimediali\\BEH\\nRF51822_bleeh__WorkingCopy\\trunk\\bleeh\\bleeh.axf" 
Set JLink Project File to "C:\Users\Luca\Dropbox\Università\Reti e sistemi multimediali\BEH\nRF51822_bleeh__WorkingCopy\trunk\bleeh\JLinkSettings.ini"
* JLink Info: Device "NRF51822_XXAA" selected (257 KB flash, 16 KB RAM).
 
JLink info:
------------
DLL: V4.92 , compiled Sep 30 2014 09:33:42
Firmware: J-Link OB-SAM3U128 V1 compiled Aug 22 2014 17:25:44
Hardware: V1.00
S/N : 480206406 
 
* JLink Info: Found SWD-DP with ID 0x0BB11477
* JLink Info: Found Cortex-M0 r0p0, Little endian.
* JLink Info: FPUnit: 4 code (BP) slots and 0 literal slots
ROMTableAddr = 0xE00FF003
 
Target info:
------------
Device: nRF51822_xxAA
VTarget = 3.300V
State of Pins: 
TCK: 0, TDI: 0, TDO: 1, TMS: 1, TRES: 1, TRST: 1
Hardware-Breakpoints: 4
Software-Breakpoints: 8192
Watchpoints:          2
JTAG speed: 2000 kHz
 
Full Chip Erase Done.
Programming Done.
Verify OK.
Application running ...
</pre>
</body>
</html>
